[0.564s] Invoking command in '/home/isla/code/teb_ws/src/can_decode': DEBUGINFOD_URLS=https://debuginfod.ubuntu.com PYTHONPATH=/home/isla/code/teb_ws/build/can_decode/prefix_override:/usr/lib/python3/dist-packages/colcon_core/task/python/colcon_distutils_commands:/home/isla/code/teb_ws/install/can_decode/lib/python3.12/site-packages:${PYTHONPATH} /usr/bin/python3 -W ignore:setup.py install is deprecated -W ignore:easy_install command is deprecated setup.py egg_info --egg-base ../../build/can_decode build --build-base /home/isla/code/teb_ws/build/can_decode/build install --record /home/isla/code/teb_ws/build/can_decode/install.log --install-scripts $base/lib/can_decode --single-version-externally-managed install_data
[0.728s] running egg_info
[0.728s] creating ../../build/can_decode/can_decode.egg-info
[0.740s] writing ../../build/can_decode/can_decode.egg-info/PKG-INFO
[0.741s] writing dependency_links to ../../build/can_decode/can_decode.egg-info/dependency_links.txt
[0.741s] writing entry points to ../../build/can_decode/can_decode.egg-info/entry_points.txt
[0.741s] writing requirements to ../../build/can_decode/can_decode.egg-info/requires.txt
[0.741s] writing top-level names to ../../build/can_decode/can_decode.egg-info/top_level.txt
[0.741s] writing manifest file '../../build/can_decode/can_decode.egg-info/SOURCES.txt'
[0.766s] reading manifest file '../../build/can_decode/can_decode.egg-info/SOURCES.txt'
[0.766s] writing manifest file '../../build/can_decode/can_decode.egg-info/SOURCES.txt'
[0.766s] running build
[0.766s] running build_py
[0.766s] creating /home/isla/code/teb_ws/build/can_decode/build
[0.766s] creating /home/isla/code/teb_ws/build/can_decode/build/lib
[0.766s] creating /home/isla/code/teb_ws/build/can_decode/build/lib/can_decode
[0.766s] copying can_decode/__init__.py -> /home/isla/code/teb_ws/build/can_decode/build/lib/can_decode
[0.766s] copying can_decode/can_decode.py -> /home/isla/code/teb_ws/build/can_decode/build/lib/can_decode
[0.767s] running install
[0.770s] running install_lib
[0.782s] creating /home/isla/code/teb_ws/install/can_decode/lib/python3.12/site-packages/can_decode
[0.782s] copying /home/isla/code/teb_ws/build/can_decode/build/lib/can_decode/__init__.py -> /home/isla/code/teb_ws/install/can_decode/lib/python3.12/site-packages/can_decode
[0.782s] copying /home/isla/code/teb_ws/build/can_decode/build/lib/can_decode/can_decode.py -> /home/isla/code/teb_ws/install/can_decode/lib/python3.12/site-packages/can_decode
[0.782s] byte-compiling /home/isla/code/teb_ws/install/can_decode/lib/python3.12/site-packages/can_decode/__init__.py to __init__.cpython-312.pyc
[0.783s] byte-compiling /home/isla/code/teb_ws/install/can_decode/lib/python3.12/site-packages/can_decode/can_decode.py to can_decode.cpython-312.pyc
[0.783s] running install_data
[0.783s] creating /home/isla/code/teb_ws/install/can_decode/share/ament_index
[0.783s] creating /home/isla/code/teb_ws/install/can_decode/share/ament_index/resource_index
[0.784s] creating /home/isla/code/teb_ws/install/can_decode/share/ament_index/resource_index/packages
[0.784s] copying resource/can_decode -> /home/isla/code/teb_ws/install/can_decode/share/ament_index/resource_index/packages
[0.784s] copying package.xml -> /home/isla/code/teb_ws/install/can_decode/share/can_decode
[0.784s] creating /home/isla/code/teb_ws/install/can_decode/share/can_decode/launch
[0.784s] copying launch/can.launch.py -> /home/isla/code/teb_ws/install/can_decode/share/can_decode/launch
[0.784s] copying can_decode/ugv.dbc -> /home/isla/code/teb_ws/install/can_decode/lib/python3.12/site-packages/can_decode
[0.784s] running install_egg_info
[0.796s] Copying ../../build/can_decode/can_decode.egg-info to /home/isla/code/teb_ws/install/can_decode/lib/python3.12/site-packages/can_decode-0.0.0-py3.12.egg-info
[0.796s] running install_scripts
[0.871s] Installing can_decode script to /home/isla/code/teb_ws/install/can_decode/lib/can_decode
[0.871s] writing list of installed files to '/home/isla/code/teb_ws/build/can_decode/install.log'
[0.885s] Invoked command in '/home/isla/code/teb_ws/src/can_decode' returned '0': DEBUGINFOD_URLS=https://debuginfod.ubuntu.com PYTHONPATH=/home/isla/code/teb_ws/build/can_decode/prefix_override:/usr/lib/python3/dist-packages/colcon_core/task/python/colcon_distutils_commands:/home/isla/code/teb_ws/install/can_decode/lib/python3.12/site-packages:${PYTHONPATH} /usr/bin/python3 -W ignore:setup.py install is deprecated -W ignore:easy_install command is deprecated setup.py egg_info --egg-base ../../build/can_decode build --build-base /home/isla/code/teb_ws/build/can_decode/build install --record /home/isla/code/teb_ws/build/can_decode/install.log --install-scripts $base/lib/can_decode --single-version-externally-managed install_data
