[0.127s] Invoking command in '/home/isla/code/teb_ws/build/rplidar_ros': CMAKE_PREFIX_PATH=${CMAKE_PREFIX_PATH}:/opt/ros/jazzy DEBUGINFOD_URLS=https://debuginfod.ubuntu.com /usr/bin/cmake --build /home/isla/code/teb_ws/build/rplidar_ros -- -j28 -l28
[0.168s] [  5%] Built target rplidar_client
[0.183s] [ 63%] Built target rplidar_node
[0.183s] [100%] Built target rplidar_composition
[0.190s] Invoked command in '/home/isla/code/teb_ws/build/rplidar_ros' returned '0': CMAKE_PREFIX_PATH=${CMAKE_PREFIX_PATH}:/opt/ros/jazzy DEBUGINFOD_URLS=https://debuginfod.ubuntu.com /usr/bin/cmake --build /home/isla/code/teb_ws/build/rplidar_ros -- -j28 -l28
[0.197s] Invoking command in '/home/isla/code/teb_ws/build/rplidar_ros': CMAKE_PREFIX_PATH=${CMAKE_PREFIX_PATH}:/opt/ros/jazzy DEBUGINFOD_URLS=https://debuginfod.ubuntu.com /usr/bin/cmake --install /home/isla/code/teb_ws/build/rplidar_ros
[0.203s] -- Install configuration: ""
[0.203s] -- Up-to-date: /home/isla/code/teb_ws/install/rplidar_ros/share/rplidar_ros/launch
[0.203s] -- Up-to-date: /home/isla/code/teb_ws/install/rplidar_ros/share/rplidar_ros/launch/view_rplidar_s2_launch.py
[0.203s] -- Up-to-date: /home/isla/code/teb_ws/install/rplidar_ros/share/rplidar_ros/launch/rplidar_s2_launch.py
[0.203s] -- Up-to-date: /home/isla/code/teb_ws/install/rplidar_ros/share/rplidar_ros/rviz
[0.203s] -- Up-to-date: /home/isla/code/teb_ws/install/rplidar_ros/share/rplidar_ros/rviz/rplidar_ros.rviz
[0.203s] -- Up-to-date: /home/isla/code/teb_ws/install/rplidar_ros/lib/rplidar_ros/rplidar_node
[0.203s] -- Up-to-date: /home/isla/code/teb_ws/install/rplidar_ros/lib/rplidar_ros/rplidar_composition
[0.203s] -- Up-to-date: /home/isla/code/teb_ws/install/rplidar_ros/lib/rplidar_ros/rplidar_client
[0.203s] -- Up-to-date: /home/isla/code/teb_ws/install/rplidar_ros/share/ament_index/resource_index/package_run_dependencies/rplidar_ros
[0.203s] -- Up-to-date: /home/isla/code/teb_ws/install/rplidar_ros/share/ament_index/resource_index/parent_prefix_path/rplidar_ros
[0.204s] -- Up-to-date: /home/isla/code/teb_ws/install/rplidar_ros/share/rplidar_ros/environment/ament_prefix_path.sh
[0.204s] -- Up-to-date: /home/isla/code/teb_ws/install/rplidar_ros/share/rplidar_ros/environment/ament_prefix_path.dsv
[0.204s] -- Up-to-date: /home/isla/code/teb_ws/install/rplidar_ros/share/rplidar_ros/environment/path.sh
[0.204s] -- Up-to-date: /home/isla/code/teb_ws/install/rplidar_ros/share/rplidar_ros/environment/path.dsv
[0.204s] -- Up-to-date: /home/isla/code/teb_ws/install/rplidar_ros/share/rplidar_ros/local_setup.bash
[0.204s] -- Up-to-date: /home/isla/code/teb_ws/install/rplidar_ros/share/rplidar_ros/local_setup.sh
[0.204s] -- Up-to-date: /home/isla/code/teb_ws/install/rplidar_ros/share/rplidar_ros/local_setup.zsh
[0.204s] -- Up-to-date: /home/isla/code/teb_ws/install/rplidar_ros/share/rplidar_ros/local_setup.dsv
[0.204s] -- Installing: /home/isla/code/teb_ws/install/rplidar_ros/share/rplidar_ros/package.dsv
[0.204s] -- Up-to-date: /home/isla/code/teb_ws/install/rplidar_ros/share/ament_index/resource_index/packages/rplidar_ros
[0.204s] -- Up-to-date: /home/isla/code/teb_ws/install/rplidar_ros/share/rplidar_ros/cmake/ament_cmake_export_dependencies-extras.cmake
[0.204s] -- Up-to-date: /home/isla/code/teb_ws/install/rplidar_ros/share/rplidar_ros/cmake/ament_cmake_export_include_directories-extras.cmake
[0.204s] -- Up-to-date: /home/isla/code/teb_ws/install/rplidar_ros/share/rplidar_ros/cmake/rplidar_rosConfig.cmake
[0.204s] -- Up-to-date: /home/isla/code/teb_ws/install/rplidar_ros/share/rplidar_ros/cmake/rplidar_rosConfig-version.cmake
[0.205s] -- Up-to-date: /home/isla/code/teb_ws/install/rplidar_ros/share/rplidar_ros/package.xml
[0.206s] Invoked command in '/home/isla/code/teb_ws/build/rplidar_ros' returned '0': CMAKE_PREFIX_PATH=${CMAKE_PREFIX_PATH}:/opt/ros/jazzy DEBUGINFOD_URLS=https://debuginfod.ubuntu.com /usr/bin/cmake --install /home/isla/code/teb_ws/build/rplidar_ros
