[0.129s] Invoking command in '/home/isla/code/teb_ws/build/teb_ackermann_planner': CMAKE_PREFIX_PATH=${CMAKE_PREFIX_PATH}:/opt/ros/jazzy DEBUGINFOD_URLS=https://debuginfod.ubuntu.com /usr/bin/cmake --build /home/isla/code/teb_ws/build/teb_ackermann_planner -- -j28 -l28
[0.166s] [ 18%] Built target gtest
[0.167s] [ 36%] Built target gtest_main
[0.172s] [ 72%] Built target teb_ackermann_node
[0.186s] [100%] Built target test_teb_planner
[0.197s] Invoked command in '/home/isla/code/teb_ws/build/teb_ackermann_planner' returned '0': CMAKE_PREFIX_PATH=${CMAKE_PREFIX_PATH}:/opt/ros/jazzy DEBUGINFOD_URLS=https://debuginfod.ubuntu.com /usr/bin/cmake --build /home/isla/code/teb_ws/build/teb_ackermann_planner -- -j28 -l28
[0.198s] Invoking command in '/home/isla/code/teb_ws/build/teb_ackermann_planner': CMAKE_PREFIX_PATH=${CMAKE_PREFIX_PATH}:/opt/ros/jazzy DEBUGINFOD_URLS=https://debuginfod.ubuntu.com /usr/bin/cmake --install /home/isla/code/teb_ws/build/teb_ackermann_planner
[0.203s] -- Install configuration: ""
[0.204s] -- Up-to-date: /home/isla/code/teb_ws/install/teb_ackermann_planner/lib/teb_ackermann_planner/teb_ackermann_node
[0.204s] -- Up-to-date: /home/isla/code/teb_ws/install/teb_ackermann_planner/share/ament_index/resource_index/package_run_dependencies/teb_ackermann_planner
[0.204s] -- Up-to-date: /home/isla/code/teb_ws/install/teb_ackermann_planner/share/ament_index/resource_index/parent_prefix_path/teb_ackermann_planner
[0.204s] -- Up-to-date: /home/isla/code/teb_ws/install/teb_ackermann_planner/share/teb_ackermann_planner/environment/ament_prefix_path.sh
[0.204s] -- Up-to-date: /home/isla/code/teb_ws/install/teb_ackermann_planner/share/teb_ackermann_planner/environment/ament_prefix_path.dsv
[0.204s] -- Up-to-date: /home/isla/code/teb_ws/install/teb_ackermann_planner/share/teb_ackermann_planner/environment/path.sh
[0.204s] -- Up-to-date: /home/isla/code/teb_ws/install/teb_ackermann_planner/share/teb_ackermann_planner/environment/path.dsv
[0.204s] -- Up-to-date: /home/isla/code/teb_ws/install/teb_ackermann_planner/share/teb_ackermann_planner/local_setup.bash
[0.204s] -- Up-to-date: /home/isla/code/teb_ws/install/teb_ackermann_planner/share/teb_ackermann_planner/local_setup.sh
[0.204s] -- Up-to-date: /home/isla/code/teb_ws/install/teb_ackermann_planner/share/teb_ackermann_planner/local_setup.zsh
[0.204s] -- Up-to-date: /home/isla/code/teb_ws/install/teb_ackermann_planner/share/teb_ackermann_planner/local_setup.dsv
[0.204s] -- Installing: /home/isla/code/teb_ws/install/teb_ackermann_planner/share/teb_ackermann_planner/package.dsv
[0.204s] -- Up-to-date: /home/isla/code/teb_ws/install/teb_ackermann_planner/share/ament_index/resource_index/packages/teb_ackermann_planner
[0.204s] -- Up-to-date: /home/isla/code/teb_ws/install/teb_ackermann_planner/share/teb_ackermann_planner/cmake/teb_ackermann_plannerConfig.cmake
[0.205s] -- Up-to-date: /home/isla/code/teb_ws/install/teb_ackermann_planner/share/teb_ackermann_planner/cmake/teb_ackermann_plannerConfig-version.cmake
[0.205s] -- Up-to-date: /home/isla/code/teb_ws/install/teb_ackermann_planner/share/teb_ackermann_planner/package.xml
[0.216s] Invoked command in '/home/isla/code/teb_ws/build/teb_ackermann_planner' returned '0': CMAKE_PREFIX_PATH=${CMAKE_PREFIX_PATH}:/opt/ros/jazzy DEBUGINFOD_URLS=https://debuginfod.ubuntu.com /usr/bin/cmake --install /home/isla/code/teb_ws/build/teb_ackermann_planner
